[debug] [2025-07-24T12:33:01.763Z] [Firebase Plugin] Activating Firebase extension.
[debug] [2025-07-24T12:33:14.517Z] [Firebase Plugin] requireAuthWrapper
[debug] [2025-07-24T12:33:14.523Z] > command requires scopes: ["email","openid","https://www.googleapis.com/auth/cloudplatformprojects.readonly","https://www.googleapis.com/auth/firebase","https://www.googleapis.com/auth/cloud-platform"]
[debug] [2025-07-24T12:33:14.524Z] > authorizing via signed-in user (thembalihlen1@gmail.com)
[debug] [2025-07-24T12:33:14.533Z] Checked if tokens are valid: false, expires at: 1753356706404
[debug] [2025-07-24T12:33:14.534Z] Checked if tokens are valid: false, expires at: 1753356706404
[debug] [2025-07-24T12:33:14.534Z] > refreshing access token with scopes: []
[debug] [2025-07-24T12:33:14.540Z] >>> [apiv2][query] POST https://www.googleapis.com/oauth2/v3/token [none]
[debug] [2025-07-24T12:33:14.540Z] >>> [apiv2][body] POST https://www.googleapis.com/oauth2/v3/token [omitted]
[debug] [2025-07-24T12:33:14.576Z] [Firebase Plugin] VSCode notification server listening on port 40001
[info] [Firebase Plugin] Starting Data Connect toolkit (version 2.10.1) on port 50001
[debug] [2025-07-24T12:33:15.921Z] I0724 14:33:15.898588   20588 control.go:84] [/emulator/girlhype-project 0e36] UpdateResources(): done
Schema: sources: schema\schema.gql [2140B] 
Connector "default": sources: connector\queries.gql [1880B] connector\mutations.gql [1266B] 
 {"metadata":{"emulator":{"name":"dataconnect"},"message":"I0724 14:33:15.898588   20588 control.go:84] [/emulator/girlhype-project 0e36] UpdateResources(): done\nSchema: sources: schema\\schema.gql [2140B] \nConnector \"default\": sources: connector\\queries.gql [1880B] connector\\mutations.gql [1266B] \n"}}
[debug] [2025-07-24T12:33:15.923Z] Ignoring unsupported arg: auto_download {"metadata":{"emulator":{"name":"dataconnect"},"message":"Ignoring unsupported arg: auto_download"}}
[debug] [2025-07-24T12:33:15.923Z] Ignoring unsupported arg: port {"metadata":{"emulator":{"name":"dataconnect"},"message":"Ignoring unsupported arg: port"}}
[debug] [2025-07-24T12:33:15.924Z] Starting Data Connect Emulator with command {"binary":"C:\\Users\\themb\\.cache\\firebase\\emulators\\dataconnect-emulator-2.10.1.exe","args":["--logtostderr","-v=2","dev","--listen=localhost:50001","--config_dir=c:\\Users\\themb\\OneDrive\\Documents\\GitHub\\girlhype-project\\dataconnect","--enable_output_schema_extensions=true","--enable_output_generated_sdk=true"],"optionalArgs":["listen","config_dir","enable_output_schema_extensions","enable_output_generated_sdk"],"joinArgs":true,"shell":false,"port":9399} {"metadata":{"emulator":{"name":"dataconnect"},"message":"Starting Data Connect Emulator with command {\"binary\":\"C:\\\\Users\\\\themb\\\\.cache\\\\firebase\\\\emulators\\\\dataconnect-emulator-2.10.1.exe\",\"args\":[\"--logtostderr\",\"-v=2\",\"dev\",\"--listen=localhost:50001\",\"--config_dir=c:\\\\Users\\\\themb\\\\OneDrive\\\\Documents\\\\GitHub\\\\girlhype-project\\\\dataconnect\",\"--enable_output_schema_extensions=true\",\"--enable_output_generated_sdk=true\"],\"optionalArgs\":[\"listen\",\"config_dir\",\"enable_output_schema_extensions\",\"enable_output_generated_sdk\"],\"joinArgs\":true,\"shell\":false,\"port\":9399}"}}
[info] i  dataconnect: Data Connect Emulator logging to dataconnect-debug.log {"metadata":{"emulator":{"name":"dataconnect"},"message":"Data Connect Emulator logging to \u001b[1mdataconnect-debug.log\u001b[22m"}}
[debug] [2025-07-24T12:33:16.028Z] I0724 14:33:15.993512   17684 load.go:37] Reloading schema and connectors...
 {"metadata":{"emulator":{"name":"dataconnect"},"message":"I0724 14:33:15.993512   17684 load.go:37] Reloading schema and connectors...\n"}}
[debug] [2025-07-24T12:33:16.373Z] I0724 14:33:16.307565   17684 control.go:84] [/emulator/girlhype-project a963] UpdateResources(): done
Schema: sources: schema\schema.gql [2140B] 
Connector "default": sources: connector\mutations.gql [1266B] connector\queries.gql [1880B] 
 {"metadata":{"emulator":{"name":"dataconnect"},"message":"I0724 14:33:16.307565   17684 control.go:84] [/emulator/girlhype-project a963] UpdateResources(): done\nSchema: sources: schema\\schema.gql [2140B] \nConnector \"default\": sources: connector\\mutations.gql [1266B] connector\\queries.gql [1880B] \n"}}
[debug] [2025-07-24T12:33:16.432Z] I0724 14:33:16.374220   17684 codegen.go:82] [connector "default" javascriptSdk] Generating sources into "c:\\Users\\themb\\OneDrive\\Documents\\GitHub\\girlhype-project\\dataconnect-generated\\js\\default-connector"
I0724 14:33:16.394916   17684 collector.go:107] schema extensions wrote into "c:\\Users\\themb\\OneDrive\\Documents\\GitHub\\girlhype-project\\dataconnect\\.dataconnect\\schema"
Generated sources: prelude.gql [73172B] 
 {"metadata":{"emulator":{"name":"dataconnect"},"message":"I0724 14:33:16.374220   17684 codegen.go:82] [connector \"default\" javascriptSdk] Generating sources into \"c:\\\\Users\\\\themb\\\\OneDrive\\\\Documents\\\\GitHub\\\\girlhype-project\\\\dataconnect-generated\\\\js\\\\default-connector\"\nI0724 14:33:16.394916   17684 collector.go:107] schema extensions wrote into \"c:\\\\Users\\\\themb\\\\OneDrive\\\\Documents\\\\GitHub\\\\girlhype-project\\\\dataconnect\\\\.dataconnect\\\\schema\"\nGenerated sources: prelude.gql [73172B] \n"}}
[debug] [2025-07-24T12:33:16.445Z] I0724 14:33:16.434514   17684 collector.go:107] connector "default" javascriptSdk wrote into "c:\\Users\\themb\\OneDrive\\Documents\\GitHub\\girlhype-project\\dataconnect-generated\\js\\default-connector"
Generated sources: react\README.md [5474B] esm\index.esm.js [119B] package.json [860B] react\index.d.ts [228B] react\package.json [468B] react\esm\package.json [17B] react\esm\index.esm.js [0B] index.d.ts [248B] esm\package.json [17B] index.cjs.js [154B] README.md [2896B] react\index.cjs.js [0B] 
 {"metadata":{"emulator":{"name":"dataconnect"},"message":"I0724 14:33:16.434514   17684 collector.go:107] connector \"default\" javascriptSdk wrote into \"c:\\\\Users\\\\themb\\\\OneDrive\\\\Documents\\\\GitHub\\\\girlhype-project\\\\dataconnect-generated\\\\js\\\\default-connector\"\nGenerated sources: react\\README.md [5474B] esm\\index.esm.js [119B] package.json [860B] react\\index.d.ts [228B] react\\package.json [468B] react\\esm\\package.json [17B] react\\esm\\index.esm.js [0B] index.d.ts [248B] esm\\package.json [17B] index.cjs.js [154B] README.md [2896B] react\\index.cjs.js [0B] \n"}}
[debug] [2025-07-24T12:33:16.537Z] <<< [apiv2][status] POST https://www.googleapis.com/oauth2/v3/token 200
[debug] [2025-07-24T12:33:16.538Z] <<< [apiv2][body] POST https://www.googleapis.com/oauth2/v3/token [omitted]
[debug] [2025-07-24T12:33:16.603Z] [Firebase Plugin] User found:  thembalihlen1@gmail.com
[info] [Firebase Plugin] (Core:Project) New user detected, fetching projects
[debug] [2025-07-24T12:33:16.606Z] Checked if tokens are valid: true, expires at: 1753363995539
[debug] [2025-07-24T12:33:16.614Z] >>> [apiv2][query] GET https://firebase.googleapis.com/v1beta1/projects pageSize=1000
[debug] [2025-07-24T12:33:16.686Z] I0724 14:33:16.618719   17684 installsdk.go:55] Package @firebasegen/default-connector is already installed. Skipping installation
I0724 14:33:16.618719   17684 load.go:115] Finished reloading
I0724 14:33:16.681230   17684 dev.go:95] Listening on address (HTTP + gRPC): 127.0.0.1:50001
 {"metadata":{"emulator":{"name":"dataconnect"},"message":"I0724 14:33:16.618719   17684 installsdk.go:55] Package @firebasegen/default-connector is already installed. Skipping installation\nI0724 14:33:16.618719   17684 load.go:115] Finished reloading\nI0724 14:33:16.681230   17684 dev.go:95] Listening on address (HTTP + gRPC): 127.0.0.1:50001\n"}}
[error] [Firebase Plugin] error:  {}
[debug] [2025-07-24T12:33:17.473Z] <<< [apiv2][status] GET https://firebase.googleapis.com/v1beta1/projects 200
[debug] [2025-07-24T12:33:17.473Z] <<< [apiv2][body] GET https://firebase.googleapis.com/v1beta1/projects [omitted]
[debug] [2025-07-29T11:12:36.369Z] [Firebase Plugin] Activating Firebase extension.
[info] [Firebase Plugin] Checked firebase-tools, is up to date!
[debug] [2025-07-29T11:12:53.251Z] [Firebase Plugin] requireAuthWrapper
[debug] [2025-07-29T11:12:53.256Z] > command requires scopes: ["email","openid","https://www.googleapis.com/auth/cloudplatformprojects.readonly","https://www.googleapis.com/auth/firebase","https://www.googleapis.com/auth/cloud-platform"]
[debug] [2025-07-29T11:12:53.258Z] > authorizing via signed-in user (ebrahimanime.01@gmail.com)
[debug] [2025-07-29T11:12:53.271Z] Checked if tokens are valid: false, expires at: 1753358183964
[debug] [2025-07-29T11:12:53.272Z] Checked if tokens are valid: false, expires at: 1753358183964
[debug] [2025-07-29T11:12:53.274Z] > refreshing access token with scopes: []
[debug] [2025-07-29T11:12:53.281Z] >>> [apiv2][query] POST https://www.googleapis.com/oauth2/v3/token [none]
[debug] [2025-07-29T11:12:53.283Z] >>> [apiv2][body] POST https://www.googleapis.com/oauth2/v3/token [omitted]
[debug] [2025-07-29T11:12:53.322Z] [Firebase Plugin] VSCode notification server listening on port 40001
[info] [Firebase Plugin] Starting Data Connect toolkit (version 2.10.1) on port 50001
[debug] [2025-07-29T11:12:55.515Z] I0729 13:12:55.479843   16272 control.go:84] [/emulator/girlhype-project 8a00] UpdateResources(): done
Schema: sources: schema\schema.gql [2088B] 
Connector "default": sources: connector\mutations.gql [1233B] connector\queries.gql [1802B] 
 {"metadata":{"emulator":{"name":"dataconnect"},"message":"I0729 13:12:55.479843   16272 control.go:84] [/emulator/girlhype-project 8a00] UpdateResources(): done\nSchema: sources: schema\\schema.gql [2088B] \nConnector \"default\": sources: connector\\mutations.gql [1233B] connector\\queries.gql [1802B] \n"}}
[debug] [2025-07-29T11:12:55.518Z] Ignoring unsupported arg: auto_download {"metadata":{"emulator":{"name":"dataconnect"},"message":"Ignoring unsupported arg: auto_download"}}
[debug] [2025-07-29T11:12:55.519Z] Ignoring unsupported arg: port {"metadata":{"emulator":{"name":"dataconnect"},"message":"Ignoring unsupported arg: port"}}
[debug] [2025-07-29T11:12:55.520Z] Starting Data Connect Emulator with command {"binary":"C:\\Users\\ebrah\\.cache\\firebase\\emulators\\dataconnect-emulator-2.10.1.exe","args":["--logtostderr","-v=2","dev","--listen=localhost:50001","--config_dir=c:\\Users\\ebrah\\OneDrive\\Documents\\GitHub\\GirlHype-Project\\dataconnect","--enable_output_schema_extensions=true","--enable_output_generated_sdk=true"],"optionalArgs":["listen","config_dir","enable_output_schema_extensions","enable_output_generated_sdk"],"joinArgs":true,"shell":false,"port":9399} {"metadata":{"emulator":{"name":"dataconnect"},"message":"Starting Data Connect Emulator with command {\"binary\":\"C:\\\\Users\\\\ebrah\\\\.cache\\\\firebase\\\\emulators\\\\dataconnect-emulator-2.10.1.exe\",\"args\":[\"--logtostderr\",\"-v=2\",\"dev\",\"--listen=localhost:50001\",\"--config_dir=c:\\\\Users\\\\ebrah\\\\OneDrive\\\\Documents\\\\GitHub\\\\GirlHype-Project\\\\dataconnect\",\"--enable_output_schema_extensions=true\",\"--enable_output_generated_sdk=true\"],\"optionalArgs\":[\"listen\",\"config_dir\",\"enable_output_schema_extensions\",\"enable_output_generated_sdk\"],\"joinArgs\":true,\"shell\":false,\"port\":9399}"}}
[info] i  dataconnect: Data Connect Emulator logging to dataconnect-debug.log {"metadata":{"emulator":{"name":"dataconnect"},"message":"Data Connect Emulator logging to \u001b[1mdataconnect-debug.log\u001b[22m"}}
[debug] [2025-07-29T11:12:55.828Z] I0729 13:12:55.793595   24936 load.go:37] Reloading schema and connectors...
 {"metadata":{"emulator":{"name":"dataconnect"},"message":"I0729 13:12:55.793595   24936 load.go:37] Reloading schema and connectors...\n"}}
[debug] [2025-07-29T11:12:55.919Z] I0729 13:12:55.914579   24936 control.go:84] [/emulator/girlhype-project afaf] UpdateResources(): done
Schema: sources: schema\schema.gql [2088B] 
Connector "default": sources: connector\mutations.gql [1233B] connector\queries.gql [1802B] 
 {"metadata":{"emulator":{"name":"dataconnect"},"message":"I0729 13:12:55.914579   24936 control.go:84] [/emulator/girlhype-project afaf] UpdateResources(): done\nSchema: sources: schema\\schema.gql [2088B] \nConnector \"default\": sources: connector\\mutations.gql [1233B] connector\\queries.gql [1802B] \n"}}
[debug] [2025-07-29T11:12:55.951Z] <<< [apiv2][status] POST https://www.googleapis.com/oauth2/v3/token 200
[debug] [2025-07-29T11:12:55.952Z] <<< [apiv2][body] POST https://www.googleapis.com/oauth2/v3/token [omitted]
[debug] [2025-07-29T11:12:55.987Z] [Firebase Plugin] User found:  ebrahimanime.01@gmail.com
[info] [Firebase Plugin] (Core:Project) New user detected, fetching projects
[debug] [2025-07-29T11:12:55.991Z] Checked if tokens are valid: true, expires at: 1753791174954
[debug] [2025-07-29T11:12:55.996Z] >>> [apiv2][query] GET https://firebase.googleapis.com/v1beta1/projects pageSize=1000
[debug] [2025-07-29T11:12:56.063Z] I0729 13:12:56.063261   24936 codegen.go:82] [connector "default" javascriptSdk] Generating sources into "c:\\Users\\ebrah\\OneDrive\\Documents\\GitHub\\GirlHype-Project\\dataconnect-generated\\js\\default-connector"
 {"metadata":{"emulator":{"name":"dataconnect"},"message":"I0729 13:12:56.063261   24936 codegen.go:82] [connector \"default\" javascriptSdk] Generating sources into \"c:\\\\Users\\\\ebrah\\\\OneDrive\\\\Documents\\\\GitHub\\\\GirlHype-Project\\\\dataconnect-generated\\\\js\\\\default-connector\"\n"}}
[debug] [2025-07-29T11:12:56.112Z] I0729 13:12:56.112210   24936 collector.go:107] schema extensions wrote into "c:\\Users\\ebrah\\OneDrive\\Documents\\GitHub\\GirlHype-Project\\dataconnect\\.dataconnect\\schema"
Generated sources: prelude.gql [73172B] 
 {"metadata":{"emulator":{"name":"dataconnect"},"message":"I0729 13:12:56.112210   24936 collector.go:107] schema extensions wrote into \"c:\\\\Users\\\\ebrah\\\\OneDrive\\\\Documents\\\\GitHub\\\\GirlHype-Project\\\\dataconnect\\\\.dataconnect\\\\schema\"\nGenerated sources: prelude.gql [73172B] \n"}}
[debug] [2025-07-29T11:12:56.222Z] I0729 13:12:56.221344   24936 collector.go:107] connector "default" javascriptSdk wrote into "c:\\Users\\ebrah\\OneDrive\\Documents\\GitHub\\GirlHype-Project\\dataconnect-generated\\js\\default-connector"
Generated sources: react\index.cjs.js [0B] index.d.ts [248B] esm\index.esm.js [119B] package.json [860B] react\package.json [468B] react\esm\index.esm.js [0B] react\README.md [5474B] esm\package.json [17B] index.cjs.js [154B] README.md [2896B] react\index.d.ts [228B] react\esm\package.json [17B] 
 {"metadata":{"emulator":{"name":"dataconnect"},"message":"I0729 13:12:56.221344   24936 collector.go:107] connector \"default\" javascriptSdk wrote into \"c:\\\\Users\\\\ebrah\\\\OneDrive\\\\Documents\\\\GitHub\\\\GirlHype-Project\\\\dataconnect-generated\\\\js\\\\default-connector\"\nGenerated sources: react\\index.cjs.js [0B] index.d.ts [248B] esm\\index.esm.js [119B] package.json [860B] react\\package.json [468B] react\\esm\\index.esm.js [0B] react\\README.md [5474B] esm\\package.json [17B] index.cjs.js [154B] README.md [2896B] react\\index.d.ts [228B] react\\esm\\package.json [17B] \n"}}
[debug] [2025-07-29T11:12:56.235Z] I0729 13:12:56.232452   24936 installsdk.go:55] Package @firebasegen/default-connector is already installed. Skipping installation
I0729 13:12:56.232452   24936 load.go:115] Finished reloading
 {"metadata":{"emulator":{"name":"dataconnect"},"message":"I0729 13:12:56.232452   24936 installsdk.go:55] Package @firebasegen/default-connector is already installed. Skipping installation\nI0729 13:12:56.232452   24936 load.go:115] Finished reloading\n"}}
[debug] [2025-07-29T11:12:56.360Z] I0729 13:12:56.360387   24936 dev.go:95] Listening on address (HTTP + gRPC): 127.0.0.1:50001
 {"metadata":{"emulator":{"name":"dataconnect"},"message":"I0729 13:12:56.360387   24936 dev.go:95] Listening on address (HTTP + gRPC): 127.0.0.1:50001\n"}}
[error] [Firebase Plugin] error:  {}
[debug] [2025-07-29T11:12:57.136Z] <<< [apiv2][status] GET https://firebase.googleapis.com/v1beta1/projects 200
[debug] [2025-07-29T11:12:57.138Z] <<< [apiv2][body] GET https://firebase.googleapis.com/v1beta1/projects [omitted]
